../Core/Src/main.c:46:1:__io_putchar	16	static
../Core/Src/main.c:91:5:main	8	static
../Core/Src/main.c:272:6:SystemClock_Config	88	static
../Core/Src/main.c:315:6:HAL_FDCAN_RxFifo0Callback	16	static
../Core/Src/main.c:326:6:automate_decode_IHM	8	static
../Core/Src/main.c:357:6:JOG_read	48	static
../Core/Src/main.c:375:6:COD_read	48	static
../Core/Src/main.c:392:6:BAR_set	56	static
../Core/Src/main.c:406:6:LCD_gotoxy	16	static
../Core/Src/main.c:411:6:LCD_clear	56	static
../Core/Src/main.c:432:6:LCD_printf	64	static
../Core/Src/main.c:484:6:Error_Handler	4	static,ignoring_inline_asm
