../Core/Src/main.c:46:1:__io_putchar	16	static
../Core/Src/main.c:97:5:main	8	static
../Core/Src/main.c:267:6:SystemClock_Config	88	static
../Core/Src/main.c:307:6:HAL_FDCAN_RxFifo0Callback	16	static
../Core/Src/main.c:319:6:automate_decode_IHM	8	static
../Core/Src/main.c:347:6:JOG_read	48	static
../Core/Src/main.c:364:6:COD_read	48	static
../Core/Src/main.c:378:6:BAR_set	56	static
../Core/Src/main.c:392:6:LCD_gotoxy	16	static
../Core/Src/main.c:396:6:LCD_clear	56	static
../Core/Src/main.c:416:6:LCD_printf	64	static
../Core/Src/main.c:460:6:Error_Handler	4	static,ignoring_inline_asm
