../Core/Src/mymain.c:26:6:setup	4	static
../Core/Src/mymain.c:44:6:loop	8	static
../Core/Src/mymain.c:69:6:set_angle_test	1464	static
../Core/Src/mymain.c:93:6:set_rapport_cyclique_et_sens	32	static
../Core/Src/mymain.c:130:6:recule	8	static
../Core/Src/mymain.c:139:6:avance	8	static
../Core/Src/mymain.c:144:6:set_angle	24	static
../Core/Src/mymain.c:173:6:BAR_set	24	static
../Core/Src/mymain.c:186:6:LCD_gotoxy	16	static
../Core/Src/mymain.c:191:6:LCD_clear	16	static
../Core/Src/mymain.c:210:6:LCD_printf	24	static
