../Core/Src/main.c:74:1:__io_putchar	16	static
../Core/Src/main.c:90:5:main	56	static
../Core/Src/main.c:160:6:SystemClock_Config	88	static
../Core/Src/main.c:207:13:MX_USART1_UART_Init	8	static
../Core/Src/main.c:255:13:MX_USART2_UART_Init	8	static
../Core/Src/main.c:301:13:MX_DMA_Init	16	static
../Core/Src/main.c:320:13:MX_GPIO_Init	40	static
../Core/Src/main.c:345:6:HAL_UART_RxCpltCallback	16	static
../Core/Src/main.c:363:6:write_byte_to_buffer	16	static
../Core/Src/main.c:375:9:read_byte_from_buffer	4	static
../Core/Src/main.c:399:6:Error_Handler	4	static,ignoring_inline_asm
