../Core/Src/main.c:73:1:__io_putchar	16	static
../Core/Src/main.c:85:5:main	56	static
../Core/Src/main.c:167:6:SystemClock_Config	88	static
../Core/Src/main.c:214:13:MX_USART1_UART_Init	8	static
../Core/Src/main.c:262:13:MX_USART2_UART_Init	8	static
../Core/Src/main.c:310:13:MX_GPIO_Init	40	static
../Core/Src/main.c:335:6:HAL_UART_RxCpltCallback	16	static
../Core/Src/main.c:351:7:lidar_distance	24	static
../Core/Src/main.c:361:7:lidar_angle	24	static
../Core/Src/main.c:377:6:clear_trame	16	static
../Core/Src/main.c:388:6:lidar_send_stop	16	static
../Core/Src/main.c:397:6:lidar_start_scan	16	static
../Core/Src/main.c:406:6:lidar_send_reset	16	static
../Core/Src/main.c:418:6:lidar_get_info	16	static
../Core/Src/main.c:427:6:HAL_UART_ErrorCallback	16	static
../Core/Src/main.c:453:6:Error_Handler	4	static,ignoring_inline_asm
